
> autocast@1.0.0 test
> node test/run_all_tests.js

ÔòöÔòÉÔòÉÔòÉÔòÉÔòÉÔòÉÔòÉÔòÉÔòÉÔòÉÔòÉÔòÉÔòÉÔòÉÔòÉÔòÉÔòÉÔòÉÔòÉÔòÉÔòÉÔòÉÔòÉÔòÉÔòÉÔòÉÔòÉÔòÉÔòÉÔòÉÔòÉÔòÉÔòÉÔòÉÔòÉÔòÉÔòù
Ôòæ   AutoCast Test Suite              Ôòæ
ÔòÜÔòÉÔòÉÔòÉÔòÉÔòÉÔòÉÔòÉÔòÉÔòÉÔòÉÔòÉÔòÉÔòÉÔòÉÔòÉÔòÉÔòÉÔòÉÔòÉÔòÉÔòÉÔòÉÔòÉÔòÉÔòÉÔòÉÔòÉÔòÉÔòÉÔòÉÔòÉÔòÉÔòÉÔòÉÔòÉÔòÉÔòØ

ÔöüÔöüÔöü WAV Reader ÔöüÔöüÔöü
  Ô£ô should parse a valid 16-bit mono WAV
  Ô£ô should handle silence (all zeros)
  Ô£ô should throw on invalid file
  Ô£ô should check track alignment
  Ô£ô should warn on misaligned tracks

ÔöüÔöüÔöü RMS Calculator ÔöüÔöüÔöü
  Ô£ô should compute correct RMS for a sine wave
  Ô£ô should return ~0 RMS for silence
  Ô£ô should produce correct frame count
  Ô£ô should convert linear to dB correctly
  Ô£ô should convert dB to linear correctly
  Ô£ô should smooth RMS values
  Ô£ô should estimate noise floor correctly

ÔöüÔöüÔöü VAD Gate ÔöüÔöüÔöü
  Ô£ô should detect activity in loud frames
  Ô£ô should suppress very short bursts with attack

ÔöüÔöüÔöü Segment Builder ÔöüÔöüÔöü
  Ô£ô should build segments from gate array
  Ô£ô should merge close segments (debounce)
  Ô£ô should filter out short segments
  Ô£ô should handle all-silent track
  Ô£ô should handle all-active track
  Ô£ô should compute stats correctly

ÔöüÔöüÔöü Overlap Resolver ÔöüÔöüÔöü
  Ô£ô should let dominant track win in overlapping segments
  Ô£ù should keep both active when within margin
    Error: Track 1 should also be active (within margin)
  Ô£ô should keep all active in all_active policy
  Ô£ô should handle non-overlapping segments

ÔöüÔöüÔöü Ducking Map Generator ÔöüÔöüÔöü
  Ô£ô should generate keyframes with ramps
  Ô£ô should duck entirely silent track

ÔöüÔöüÔöü End-to-End Analysis ÔöüÔöüÔöü
  Ô£ù should analyze 3 tracks without errors
    Error: Should have version
  Ô£ô should detect Track A (Host) as most active
  Ô£ô should detect Track B (Guest 1) with correct timing
  Ô£ô should generate valid keyframe data
  Ô£ô should check alignment and pass

ÔòöÔòÉÔòÉÔòÉÔòÉÔòÉÔòÉÔòÉÔòÉÔòÉÔòÉÔòÉÔòÉÔòÉÔòÉÔòÉÔòÉÔòÉÔòÉÔòÉÔòÉÔòÉÔòÉÔòÉÔòÉÔòÉÔòÉÔòÉÔòÉÔòÉÔòÉÔòÉÔòÉÔòÉÔòÉÔòÉÔòÉÔòù
Ôòæ   Results: 29/31 passed, 2 FAILED              Ôòæ
ÔòÜÔòÉÔòÉÔòÉÔòÉÔòÉÔòÉÔòÉÔòÉÔòÉÔòÉÔòÉÔòÉÔòÉÔòÉÔòÉÔòÉÔòÉÔòÉÔòÉÔòÉÔòÉÔòÉÔòÉÔòÉÔòÉÔòÉÔòÉÔòÉÔòÉÔòÉÔòÉÔòÉÔòÉÔòÉÔòÉÔòÉÔòØ
